C:\Users\Matheus\OneDrive\Ambiente de Trabalho\Faculdade Patricio\Atividades em sala\04 - Quarto Periodo\Atividades\Projeto PetWay\src\test\java\app\controller\test\AgendamentoContollerTest.java
C:\Users\Matheus\OneDrive\Ambiente de Trabalho\Faculdade Patricio\Atividades em sala\04 - Quarto Periodo\Atividades\Projeto PetWay\src\test\java\app\controller\test\AnimaisControllerTest.java
C:\Users\Matheus\OneDrive\Ambiente de Trabalho\Faculdade Patricio\Atividades em sala\04 - Quarto Periodo\Atividades\Projeto PetWay\src\test\java\app\controller\test\AnimaisControllerUnitTest.java
C:\Users\Matheus\OneDrive\Ambiente de Trabalho\Faculdade Patricio\Atividades em sala\04 - Quarto Periodo\Atividades\Projeto PetWay\src\test\java\app\controller\test\ClienteControllerTests.java
C:\Users\Matheus\OneDrive\Ambiente de Trabalho\Faculdade Patricio\Atividades em sala\04 - Quarto Periodo\Atividades\Projeto PetWay\src\test\java\app\controller\test\ProdutosControllerTest.java
C:\Users\Matheus\OneDrive\Ambiente de Trabalho\Faculdade Patricio\Atividades em sala\04 - Quarto Periodo\Atividades\Projeto PetWay\src\test\java\app\controller\test\ServicosControllerTest.java
C:\Users\Matheus\OneDrive\Ambiente de Trabalho\Faculdade Patricio\Atividades em sala\04 - Quarto Periodo\Atividades\Projeto PetWay\src\test\java\app\service\test\ClienteServiceTests.java
C:\Users\Matheus\OneDrive\Ambiente de Trabalho\Faculdade Patricio\Atividades em sala\04 - Quarto Periodo\Atividades\Projeto PetWay\src\test\java\app\service\test\ProdutosServiceTest.java
C:\Users\Matheus\OneDrive\Ambiente de Trabalho\Faculdade Patricio\Atividades em sala\04 - Quarto Periodo\Atividades\Projeto PetWay\src\test\java\app\service\test\ServicosServiceTest.java
