app\controller\ClienteController.class
app\config\SecurityManager.class
app\entity\Animais.class
app\entity\Servicos.class
app\entity\Agendamento.class
app\auth\LoginRepository.class
app\service\ClienteService.class
app\service\ProdutosService.class
app\entity\Cliente.class
app\auth\Usuario.class
app\dto\ServicosMaisAgendadosDTO.class
app\controller\AnimaisController.class
app\controller\ServicosController.class
app\entity\Produtos.class
app\repository\AgendamentoRepository.class
app\service\AnimaisService.class
app\config\GlobalExceptionHandler.class
app\config\JwtAuthenticationFilter.class
app\repository\ProdutosRepository.class
app\controller\AgendamentoController.class
app\repository\ClienteRepository.class
app\auth\LoginController.class
app\auth\LoginService.class
app\repository\AnimaisRepository.class
app\repository\ServicosRepository.class
app\config\SecurityConfig.class
app\auth\Login.class
app\AppMain.class
app\service\AgendamentoService.class
app\controller\ProdutosController.class
app\config\JwtServiceGenerator.class
app\service\ServicosService.class
