C:\Users\Matheus\OneDrive\Ambiente de Trabalho\Faculdade Patricio\Atividades em sala\04 - Quarto Periodo\Atividades\Projeto PetWay\src\main\java\app\AppMain.java
C:\Users\Matheus\OneDrive\Ambiente de Trabalho\Faculdade Patricio\Atividades em sala\04 - Quarto Periodo\Atividades\Projeto PetWay\src\main\java\app\auth\Login.java
C:\Users\Matheus\OneDrive\Ambiente de Trabalho\Faculdade Patricio\Atividades em sala\04 - Quarto Periodo\Atividades\Projeto PetWay\src\main\java\app\auth\LoginController.java
C:\Users\Matheus\OneDrive\Ambiente de Trabalho\Faculdade Patricio\Atividades em sala\04 - Quarto Periodo\Atividades\Projeto PetWay\src\main\java\app\auth\LoginRepository.java
C:\Users\Matheus\OneDrive\Ambiente de Trabalho\Faculdade Patricio\Atividades em sala\04 - Quarto Periodo\Atividades\Projeto PetWay\src\main\java\app\auth\LoginService.java
C:\Users\Matheus\OneDrive\Ambiente de Trabalho\Faculdade Patricio\Atividades em sala\04 - Quarto Periodo\Atividades\Projeto PetWay\src\main\java\app\auth\Usuario.java
C:\Users\Matheus\OneDrive\Ambiente de Trabalho\Faculdade Patricio\Atividades em sala\04 - Quarto Periodo\Atividades\Projeto PetWay\src\main\java\app\config\GlobalExceptionHandler.java
C:\Users\Matheus\OneDrive\Ambiente de Trabalho\Faculdade Patricio\Atividades em sala\04 - Quarto Periodo\Atividades\Projeto PetWay\src\main\java\app\config\JwtAuthenticationFilter.java
C:\Users\Matheus\OneDrive\Ambiente de Trabalho\Faculdade Patricio\Atividades em sala\04 - Quarto Periodo\Atividades\Projeto PetWay\src\main\java\app\config\JwtServiceGenerator.java
C:\Users\Matheus\OneDrive\Ambiente de Trabalho\Faculdade Patricio\Atividades em sala\04 - Quarto Periodo\Atividades\Projeto PetWay\src\main\java\app\config\SecurityConfig.java
C:\Users\Matheus\OneDrive\Ambiente de Trabalho\Faculdade Patricio\Atividades em sala\04 - Quarto Periodo\Atividades\Projeto PetWay\src\main\java\app\config\SecurityManager.java
C:\Users\Matheus\OneDrive\Ambiente de Trabalho\Faculdade Patricio\Atividades em sala\04 - Quarto Periodo\Atividades\Projeto PetWay\src\main\java\app\controller\AgendamentoController.java
C:\Users\Matheus\OneDrive\Ambiente de Trabalho\Faculdade Patricio\Atividades em sala\04 - Quarto Periodo\Atividades\Projeto PetWay\src\main\java\app\controller\AnimaisController.java
C:\Users\Matheus\OneDrive\Ambiente de Trabalho\Faculdade Patricio\Atividades em sala\04 - Quarto Periodo\Atividades\Projeto PetWay\src\main\java\app\controller\ClienteController.java
C:\Users\Matheus\OneDrive\Ambiente de Trabalho\Faculdade Patricio\Atividades em sala\04 - Quarto Periodo\Atividades\Projeto PetWay\src\main\java\app\controller\ProdutosController.java
C:\Users\Matheus\OneDrive\Ambiente de Trabalho\Faculdade Patricio\Atividades em sala\04 - Quarto Periodo\Atividades\Projeto PetWay\src\main\java\app\controller\ServicosController.java
C:\Users\Matheus\OneDrive\Ambiente de Trabalho\Faculdade Patricio\Atividades em sala\04 - Quarto Periodo\Atividades\Projeto PetWay\src\main\java\app\dto\ServicosMaisAgendadosDTO.java
C:\Users\Matheus\OneDrive\Ambiente de Trabalho\Faculdade Patricio\Atividades em sala\04 - Quarto Periodo\Atividades\Projeto PetWay\src\main\java\app\entity\Agendamento.java
C:\Users\Matheus\OneDrive\Ambiente de Trabalho\Faculdade Patricio\Atividades em sala\04 - Quarto Periodo\Atividades\Projeto PetWay\src\main\java\app\entity\Animais.java
C:\Users\Matheus\OneDrive\Ambiente de Trabalho\Faculdade Patricio\Atividades em sala\04 - Quarto Periodo\Atividades\Projeto PetWay\src\main\java\app\entity\Cliente.java
C:\Users\Matheus\OneDrive\Ambiente de Trabalho\Faculdade Patricio\Atividades em sala\04 - Quarto Periodo\Atividades\Projeto PetWay\src\main\java\app\entity\Produtos.java
C:\Users\Matheus\OneDrive\Ambiente de Trabalho\Faculdade Patricio\Atividades em sala\04 - Quarto Periodo\Atividades\Projeto PetWay\src\main\java\app\entity\Servicos.java
C:\Users\Matheus\OneDrive\Ambiente de Trabalho\Faculdade Patricio\Atividades em sala\04 - Quarto Periodo\Atividades\Projeto PetWay\src\main\java\app\repository\AgendamentoRepository.java
C:\Users\Matheus\OneDrive\Ambiente de Trabalho\Faculdade Patricio\Atividades em sala\04 - Quarto Periodo\Atividades\Projeto PetWay\src\main\java\app\repository\AnimaisRepository.java
C:\Users\Matheus\OneDrive\Ambiente de Trabalho\Faculdade Patricio\Atividades em sala\04 - Quarto Periodo\Atividades\Projeto PetWay\src\main\java\app\repository\ClienteRepository.java
C:\Users\Matheus\OneDrive\Ambiente de Trabalho\Faculdade Patricio\Atividades em sala\04 - Quarto Periodo\Atividades\Projeto PetWay\src\main\java\app\repository\ProdutosRepository.java
C:\Users\Matheus\OneDrive\Ambiente de Trabalho\Faculdade Patricio\Atividades em sala\04 - Quarto Periodo\Atividades\Projeto PetWay\src\main\java\app\repository\ServicosRepository.java
C:\Users\Matheus\OneDrive\Ambiente de Trabalho\Faculdade Patricio\Atividades em sala\04 - Quarto Periodo\Atividades\Projeto PetWay\src\main\java\app\service\AgendamentoService.java
C:\Users\Matheus\OneDrive\Ambiente de Trabalho\Faculdade Patricio\Atividades em sala\04 - Quarto Periodo\Atividades\Projeto PetWay\src\main\java\app\service\AnimaisService.java
C:\Users\Matheus\OneDrive\Ambiente de Trabalho\Faculdade Patricio\Atividades em sala\04 - Quarto Periodo\Atividades\Projeto PetWay\src\main\java\app\service\ClienteService.java
C:\Users\Matheus\OneDrive\Ambiente de Trabalho\Faculdade Patricio\Atividades em sala\04 - Quarto Periodo\Atividades\Projeto PetWay\src\main\java\app\service\ProdutosService.java
C:\Users\Matheus\OneDrive\Ambiente de Trabalho\Faculdade Patricio\Atividades em sala\04 - Quarto Periodo\Atividades\Projeto PetWay\src\main\java\app\service\ServicosService.java
